// Jest Snapshot v1, https://goo.gl/fbAQLP

exports[`Filter Form Select matches snapshot 1`] = `
<div>
  <div
    class="form-select"
  >
    <label
      class="label"
      for="Select-label"
    >
      Select label
    </label>
    <select
      class="select"
      id="Select-label"
    >
      <option
        value="2"
      >
        2
      </option>
      <option
        selected=""
        value="4"
      >
        4
      </option>
      <option
        value="6"
      >
        6
      </option>
      <option
        value="8"
      >
        8
      </option>
      <option
        value="10"
      >
        10
      </option>
    </select>
  </div>
</div>
`;
